// Jest Snapshot v1, https://goo.gl/fbAQLP

exports[`agenda renders correctly 1`] = `
<BVLinearGradient
  colors={
    Array [
      4293914607,
      4293914607,
    ]
  }
  locations={
    Array [
      0,
      1,
    ]
  }
  style={
    Object {
      "flex": 1,
    }
  }
>
  <RCTSafeAreaView
    style={
      Object {
        "flex": 1,
      }
    }
  >
    <View
      onLayout={[Function]}
    >
      <View
        style={
          Array [
            undefined,
            null,
          ]
        }
      >
        <View
          style={
            Array [
              undefined,
              undefined,
            ]
          }
        >
          <View
            accessible={true}
            isTVSelectable={true}
            onResponderGrant={[Function]}
            onResponderMove={[Function]}
            onResponderRelease={[Function]}
            onResponderTerminate={[Function]}
            onResponderTerminationRequest={[Function]}
            onStartShouldSetResponder={[Function]}
            style={
              Object {
                "opacity": 1,
              }
            }
          >
            <Text
              accessible={true}
              allowFontScaling={false}
              ellipsizeMode="tail"
              style={
                Array [
                  Object {
                    "color": "#2E88FF",
                    "fontSize": 36,
                  },
                  undefined,
                  Object {
                    "fontFamily": "Material Design Icons",
                    "fontStyle": "normal",
                    "fontWeight": "normal",
                  },
                  Object {},
                ]
              }
            >
              
            </Text>
          </View>
        </View>
        <View
          style={
            Array [
              undefined,
              undefined,
              null,
            ]
          }
        >
          <Text
            accessible={true}
            allowFontScaling={true}
            ellipsizeMode="tail"
            numberOfLines={1}
            style={
              Array [
                Object {
                  "fontFamily": "OpenSans-Regular",
                },
                Array [
                  undefined,
                  null,
                ],
              ]
            }
          >
            Event Details
          </Text>
        </View>
        <View
          style={
            Array [
              undefined,
              undefined,
            ]
          }
        >
          <View
            accessible={true}
            isTVSelectable={true}
            onResponderGrant={[Function]}
            onResponderMove={[Function]}
            onResponderRelease={[Function]}
            onResponderTerminate={[Function]}
            onResponderTerminationRequest={[Function]}
            onStartShouldSetResponder={[Function]}
            style={
              Object {
                "marginRight": 15,
                "opacity": 1,
              }
            }
          >
            <Text
              accessible={true}
              allowFontScaling={false}
              ellipsizeMode="tail"
              style={
                Array [
                  Object {
                    "color": "#2E88FF",
                    "fontSize": 24,
                  },
                  undefined,
                  Object {
                    "fontFamily": "anticon",
                    "fontStyle": "normal",
                    "fontWeight": "normal",
                  },
                  Object {},
                ]
              }
            >
              
            </Text>
          </View>
        </View>
      </View>
      <View
        style={
          Array [
            undefined,
            undefined,
            undefined,
          ]
        }
      >
        <Text
          accessible={true}
          allowFontScaling={true}
          ellipsizeMode="tail"
          style={
            Array [
              Object {
                "fontFamily": "OpenSans-Regular",
              },
              Array [
                undefined,
                undefined,
              ],
            ]
          }
        />
        <Text
          accessible={true}
          allowFontScaling={true}
          ellipsizeMode="tail"
          style={
            Array [
              Object {
                "fontFamily": "OpenSans-Regular",
              },
              null,
            ]
          }
        />
      </View>
    </View>
  </RCTSafeAreaView>
</BVLinearGradient>
`;
