// Jest Snapshot v1, https://goo.gl/fbAQLP

exports[`feedback renders correctly 1`] = `
<BVLinearGradient
  colors={
    Array [
      4293914607,
      4293914607,
    ]
  }
  locations={
    Array [
      0,
      1,
    ]
  }
  style={
    Object {
      "flex": 1,
    }
  }
>
  <RCTSafeAreaView
    style={
      Object {
        "flex": 1,
      }
    }
  >
    <View
      onLayout={[Function]}
    >
      <View
        style={
          Array [
            undefined,
            null,
          ]
        }
      >
        <View
          style={
            Array [
              undefined,
              undefined,
            ]
          }
        >
          <View
            accessible={true}
            isTVSelectable={true}
            onResponderGrant={[Function]}
            onResponderMove={[Function]}
            onResponderRelease={[Function]}
            onResponderTerminate={[Function]}
            onResponderTerminationRequest={[Function]}
            onStartShouldSetResponder={[Function]}
            style={
              Object {
                "opacity": 1,
              }
            }
          >
            <Text
              accessible={true}
              allowFontScaling={false}
              ellipsizeMode="tail"
              style={
                Array [
                  Object {
                    "color": "#2E88FF",
                    "fontSize": 36,
                  },
                  undefined,
                  Object {
                    "fontFamily": "Material Design Icons",
                    "fontStyle": "normal",
                    "fontWeight": "normal",
                  },
                  Object {},
                ]
              }
            >
              ÔÖÅ
            </Text>
          </View>
        </View>
        <View
          style={
            Array [
              undefined,
              undefined,
              null,
            ]
          }
        >
          <Text
            accessible={true}
            allowFontScaling={true}
            ellipsizeMode="tail"
            numberOfLines={1}
            style={
              Array [
                Object {
                  "fontFamily": "OpenSans-Regular",
                },
                Array [
                  undefined,
                  null,
                ],
              ]
            }
          >
            Feedback
          </Text>
        </View>
        <View
          style={
            Array [
              undefined,
              undefined,
            ]
          }
        />
      </View>
      <RCTScrollView
        contentContainerStyle={
          Object {
            "backgroundColor": "#F6F7F9",
            "flexGrow": 1,
            "paddingHorizontal": 10,
            "paddingTop": 10,
          }
        }
      >
        <View>
          <View>
            <Text
              accessible={true}
              allowFontScaling={true}
              ellipsizeMode="tail"
            >
              Name
            </Text>
            <View
              style={
                Array [
                  undefined,
                  false,
                ]
              }
            >
              <TextInput
                allowFontScaling={true}
                autoCapitalize="none"
                autoCorrect={false}
                disableFullscreenUI={true}
                keyboardType="default"
                name="name"
                onBlur={[Function]}
                onChangeText={[Function]}
                onDragStart={[Function]}
                onDrop={[Function]}
                onFocus={[Function]}
                returnKeyType="next"
                style={
                  Array [
                    undefined,
                    undefined,
                  ]
                }
                underlineColorAndroid="transparent"
                value=""
              />
            </View>
          </View>
          <View>
            <Text
              accessible={true}
              allowFontScaling={true}
              ellipsizeMode="tail"
            >
              Email
            </Text>
            <View
              style={
                Array [
                  undefined,
                  false,
                ]
              }
            >
              <TextInput
                allowFontScaling={true}
                autoCapitalize="none"
                autoCorrect={false}
                disableFullscreenUI={true}
                keyboardType="email-address"
                name="email"
                onBlur={[Function]}
                onChangeText={[Function]}
                onDragStart={[Function]}
                onDrop={[Function]}
                onFocus={[Function]}
                returnKeyType="next"
                style={
                  Array [
                    undefined,
                    undefined,
                  ]
                }
                underlineColorAndroid="transparent"
                value=""
              />
            </View>
          </View>
          <View>
            <Text
              accessible={true}
              allowFontScaling={true}
              ellipsizeMode="tail"
            >
              Comment
            </Text>
            <View
              style={
                Array [
                  undefined,
                  false,
                ]
              }
            >
              <TextInput
                allowFontScaling={true}
                autoCapitalize="none"
                autoCorrect={false}
                disableFullscreenUI={true}
                keyboardType="default"
                multiline={true}
                name="comment"
                onBlur={[Function]}
                onChangeText={[Function]}
                onContentSizeChange={[Function]}
                onDragStart={[Function]}
                onDrop={[Function]}
                onFocus={[Function]}
                returnKeyType="next"
                style={
                  Array [
                    undefined,
                    Object {
                      "height": undefined,
                    },
                  ]
                }
                underlineColorAndroid="transparent"
                value=""
              />
            </View>
          </View>
          <View
            accessible={true}
            isTVSelectable={true}
            onResponderGrant={[Function]}
            onResponderMove={[Function]}
            onResponderRelease={[Function]}
            onResponderTerminate={[Function]}
            onResponderTerminationRequest={[Function]}
            onStartShouldSetResponder={[Function]}
            style={
              Object {
                "opacity": 1,
              }
            }
          >
            <Text
              accessible={true}
              allowFontScaling={true}
              ellipsizeMode="tail"
              style={
                Array [
                  undefined,
                  undefined,
                ]
              }
            >
              Submit
            </Text>
          </View>
        </View>
      </RCTScrollView>
    </View>
  </RCTSafeAreaView>
</BVLinearGradient>
`;
